~/.local/share/pipx/venvs/mythril/lib/python3.12/site-packages/eth/__init__.py:1: UserWarning: pkg_resources is deprecated as an API. See https://setuptools.pypa.io/en/latest/pkg_resources.html. The pkg_resources package is slated for removal as early as 2025-11-30. Refrain from using this package or pin to Setuptools<81.
  import pkg_resources
==== requirement violation ====
SWC ID: 123
Severity: Medium
Contract: MAIN
Function name: fallback
PC address: 167
Estimated Gas Usage: 342 - 437
A requirement was violated in a nested call and the call was reverted as a result.
Make sure valid inputs are provided to the nested call (for instance, via passed arguments).
--------------------
Initial State:

Account: [ATTACKER], balance: 0x0, nonce:0, storage:{}
Account: [SOMEGUY], balance: 0x0, nonce:0, storage:{}

Transaction Sequence:

Caller: [ATTACKER], function: claim(uint256), txdata: 0x379607f5f5f5f5f5f5f5f5f5f5f5f5f5f5f5f5f5f5f5f5f5f5f5f5f5f5f5f5f5f5f5f5f5, decoded_data: (111251222992715560308921142459327597741377044090517404665361208164465555928565,), value: 0x0

==== Integer Arithmetic Bugs ====
SWC ID: 101
Severity: High
Contract: MAIN
Function name: pendingOwner()
PC address: 438
Estimated Gas Usage: 1192 - 1475
The arithmetic operator can overflow.
It is possible to cause an integer overflow or underflow in the arithmetic operation. 
--------------------
Initial State:

Account: [ATTACKER], balance: 0x0, nonce:0, storage:{}
Account: [SOMEGUY], balance: 0x0, nonce:0, storage:{}

Transaction Sequence:

Caller: [CREATOR], function: pendingOwner(), txdata: 0xe30c3978, value: 0x0

==== Integer Arithmetic Bugs ====
SWC ID: 101
Severity: High
Contract: MAIN
Function name: claimAll()
PC address: 478
Estimated Gas Usage: 1171 - 1266
The arithmetic operator can overflow.
It is possible to cause an integer overflow or underflow in the arithmetic operation. 
--------------------
Initial State:

Account: [ATTACKER], balance: 0x0, nonce:0, storage:{}
Account: [SOMEGUY], balance: 0x0, nonce:0, storage:{}

Transaction Sequence:

Caller: [CREATOR], function: claimAll(), txdata: 0xd1058e59, value: 0x0

==== Integer Arithmetic Bugs ====
SWC ID: 101
Severity: High
Contract: MAIN
Function name: _function_0x9ef282b9
PC address: 791
Estimated Gas Usage: 1102 - 1385
The arithmetic operator can overflow.
It is possible to cause an integer overflow or underflow in the arithmetic operation. 
--------------------
Initial State:

Account: [ATTACKER], balance: 0x0, nonce:0, storage:{}
Account: [SOMEGUY], balance: 0x0, nonce:0, storage:{}

Transaction Sequence:

Caller: [CREATOR], function: unknown, txdata: 0x9ef282b9, decoded_data: , value: 0x0

==== Integer Arithmetic Bugs ====
SWC ID: 101
Severity: High
Contract: MAIN
Function name: owner() or ideal_warn_timed(uint256,uint128)
PC address: 820
Estimated Gas Usage: 1103 - 1386
The arithmetic operator can overflow.
It is possible to cause an integer overflow or underflow in the arithmetic operation. 
--------------------
Initial State:

Account: [ATTACKER], balance: 0x0, nonce:0, storage:{}
Account: [SOMEGUY], balance: 0x0, nonce:0, storage:{}

Transaction Sequence:

Caller: [CREATOR], function: ideal_warn_timed(uint256,uint128), txdata: 0x8da5cb5b, value: 0x0

==== Integer Arithmetic Bugs ====
SWC ID: 101
Severity: High
Contract: MAIN
Function name: positionManager()
PC address: 987
Estimated Gas Usage: 254 - 537
The arithmetic operator can overflow.
It is possible to cause an integer overflow or underflow in the arithmetic operation. 
--------------------
Initial State:

Account: [ATTACKER], balance: 0x0, nonce:0, storage:{}
Account: [SOMEGUY], balance: 0x0, nonce:0, storage:{}

Transaction Sequence:

Caller: [CREATOR], function: positionManager(), txdata: 0x791b98bc, value: 0x0

==== Integer Arithmetic Bugs ====
SWC ID: 101
Severity: High
Contract: MAIN
Function name: feeRecipient()
PC address: 1094
Estimated Gas Usage: 1016 - 1299
The arithmetic operator can overflow.
It is possible to cause an integer overflow or underflow in the arithmetic operation. 
--------------------
Initial State:

Account: [ATTACKER], balance: 0x0, nonce:0, storage:{}
Account: [SOMEGUY], balance: 0x0, nonce:0, storage:{}

Transaction Sequence:

Caller: [CREATOR], function: feeRecipient(), txdata: 0x46904840, value: 0x0

