~/.local/share/pipx/venvs/mythril/lib/python3.12/site-packages/eth/__init__.py:1: UserWarning: pkg_resources is deprecated as an API. See https://setuptools.pypa.io/en/latest/pkg_resources.html. The pkg_resources package is slated for removal as early as 2025-11-30. Refrain from using this package or pin to Setuptools<81.
  import pkg_resources
==== External Call To User-Supplied Address ====
SWC ID: 107
Severity: Low
Contract: MAIN
Function name: withdraw(uint256)
PC address: 287
Estimated Gas Usage: 7977 - 62828
A call to a user-supplied address is executed.
An external message call to an address specified by the caller is executed. Note that the callee account might contain arbitrary code and could re-enter any function within this contract. Reentering the contract in an intermediate state may lead to unexpected behaviour. Make sure that no state modifications are executed after this call and/or reentrancy guards are in place.
--------------------
Initial State:

Account: [ATTACKER], balance: 0x0, nonce:0, storage:{}
Account: [SOMEGUY], balance: 0x1000001, nonce:0, storage:{}

Transaction Sequence:

Caller: [ATTACKER], function: withdraw(uint256), txdata: 0x2e1a7d4d0000000000000000000000000000000000000000000000000000000000000000, decoded_data: (0,), value: 0x0

==== Unprotected Ether Withdrawal ====
SWC ID: 105
Severity: High
Contract: MAIN
Function name: withdraw(uint256)
PC address: 287
Estimated Gas Usage: 7977 - 62828
Any sender can withdraw Ether from the contract account.
Arbitrary senders other than the contract creator can profitably extract Ether from the contract account. Verify the business logic carefully and make sure that appropriate security controls are in place to prevent unexpected loss of funds.
--------------------
Initial State:

Account: [ATTACKER], balance: 0x484b74d8005000200, nonce:0, storage:{}
Account: [SOMEGUY], balance: 0x4c3fff681850002c0, nonce:0, storage:{}

Transaction Sequence:

Caller: [ATTACKER], function: unknown, txdata: 0xe9be02aa, decoded_data: , value: 0x0
Caller: [ATTACKER], function: withdraw(uint256), txdata: 0x2e1a7d4d0000000000000000000000000000000000000000000000000000000000000000, decoded_data: (0,), value: 0x0

==== State access after external call ====
SWC ID: 107
Severity: Medium
Contract: MAIN
Function name: withdraw(uint256)
PC address: 421
Estimated Gas Usage: 7977 - 62828
Read of persistent state following external call
The contract account state is accessed after an external call to a user defined address. To prevent reentrancy issues, consider accessing the state only before the call, especially if the callee is untrusted. Alternatively, a reentrancy lock can be used to prevent untrusted callees from re-entering the contract in an intermediate state.
--------------------
Initial State:

Account: [ATTACKER], balance: 0x0, nonce:0, storage:{}
Account: [SOMEGUY], balance: 0x1, nonce:0, storage:{}

Transaction Sequence:

Caller: [ATTACKER], function: withdraw(uint256), txdata: 0x2e1a7d4d0000000000000000000000000000000000000000000000000000000000000000, decoded_data: (0,), value: 0x0

==== State access after external call ====
SWC ID: 107
Severity: Medium
Contract: MAIN
Function name: withdraw(uint256)
PC address: 438
Estimated Gas Usage: 7977 - 62828
Write to persistent state following external call
The contract account state is accessed after an external call to a user defined address. To prevent reentrancy issues, consider accessing the state only before the call, especially if the callee is untrusted. Alternatively, a reentrancy lock can be used to prevent untrusted callees from re-entering the contract in an intermediate state.
--------------------
Initial State:

Account: [ATTACKER], balance: 0x0, nonce:0, storage:{}
Account: [SOMEGUY], balance: 0x1, nonce:0, storage:{}

Transaction Sequence:

Caller: [ATTACKER], function: withdraw(uint256), txdata: 0x2e1a7d4d0000000000000000000000000000000000000000000000000000000000000000, decoded_data: (0,), value: 0x0

==== External Call To User-Supplied Address ====
SWC ID: 107
Severity: Low
Contract: MAIN
Function name: _function_0xe9be02aa
PC address: 498
Estimated Gas Usage: 1073 - 35544
A call to a user-supplied address is executed.
An external message call to an address specified by the caller is executed. Note that the callee account might contain arbitrary code and could re-enter any function within this contract. Reentering the contract in an intermediate state may lead to unexpected behaviour. Make sure that no state modifications are executed after this call and/or reentrancy guards are in place.
--------------------
Initial State:

Account: [ATTACKER], balance: 0x0, nonce:0, storage:{}
Account: [SOMEGUY], balance: 0x0, nonce:0, storage:{}

Transaction Sequence:

Caller: [ATTACKER], function: unknown, txdata: 0xe9be02aa, decoded_data: , value: 0x0

==== Unprotected Ether Withdrawal ====
SWC ID: 105
Severity: High
Contract: MAIN
Function name: _function_0xe9be02aa
PC address: 498
Estimated Gas Usage: 1073 - 35544
Any sender can withdraw Ether from the contract account.
Arbitrary senders other than the contract creator can profitably extract Ether from the contract account. Verify the business logic carefully and make sure that appropriate security controls are in place to prevent unexpected loss of funds.
--------------------
Initial State:

Account: [ATTACKER], balance: 0x80000, nonce:0, storage:{}
Account: [SOMEGUY], balance: 0x21c0123, nonce:0, storage:{}

Transaction Sequence:

Caller: [SOMEGUY], function: withdraw(uint256), txdata: 0x2e1a7d4d0000000000000000000000000000000000000000000000000000000000000000, decoded_data: (0,), value: 0x0
Caller: [ATTACKER], function: unknown, txdata: 0xe9be02aa, decoded_data: , value: 0x0

