~/.local/share/pipx/venvs/mythril/lib/python3.12/site-packages/eth/__init__.py:1: UserWarning: pkg_resources is deprecated as an API. See https://setuptools.pypa.io/en/latest/pkg_resources.html. The pkg_resources package is slated for removal as early as 2025-11-30. Refrain from using this package or pin to Setuptools<81.
  import pkg_resources
==== Integer Arithmetic Bugs ====
SWC ID: 101
Severity: High
Contract: MAIN
Function name: _function_0xf6c00927
PC address: 161
Estimated Gas Usage: 6393 - 11020
The arithmetic operator can overflow.
It is possible to cause an integer overflow or underflow in the arithmetic operation. 
--------------------
Initial State:

Account: [ATTACKER], balance: 0x0, nonce:0, storage:{}
Account: [SOMEGUY], balance: 0x0, nonce:0, storage:{}

Transaction Sequence:

Caller: [CREATOR], function: unknown, txdata: 0xf6c009270000000000000000000000000000000000000000000000000000000000000000, decoded_data: , value: 0x0

==== Integer Arithmetic Bugs ====
SWC ID: 101
Severity: High
Contract: MAIN
Function name: pendingOwner()
PC address: 476
Estimated Gas Usage: 1156 - 1439
The arithmetic operator can overflow.
It is possible to cause an integer overflow or underflow in the arithmetic operation. 
--------------------
Initial State:

Account: [ATTACKER], balance: 0x0, nonce:0, storage:{}
Account: [SOMEGUY], balance: 0x0, nonce:0, storage:{}

Transaction Sequence:

Caller: [CREATOR], function: pendingOwner(), txdata: 0xe30c3978, value: 0x0

==== Integer Arithmetic Bugs ====
SWC ID: 101
Severity: High
Contract: MAIN
Function name: factory()
PC address: 516
Estimated Gas Usage: 328 - 611
The arithmetic operator can overflow.
It is possible to cause an integer overflow or underflow in the arithmetic operation. 
--------------------
Initial State:

Account: [ATTACKER], balance: 0x0, nonce:0, storage:{}
Account: [SOMEGUY], balance: 0x0, nonce:0, storage:{}

Transaction Sequence:

Caller: [CREATOR], function: factory(), txdata: 0xc45a0155, value: 0x0

==== Integer Arithmetic Bugs ====
SWC ID: 101
Severity: High
Contract: MAIN
Function name: ideal_warn_timed(uint256,uint128) or owner()
PC address: 1834
Estimated Gas Usage: 1089 - 1372
The arithmetic operator can overflow.
It is possible to cause an integer overflow or underflow in the arithmetic operation. 
--------------------
Initial State:

Account: [ATTACKER], balance: 0x0, nonce:0, storage:{}
Account: [SOMEGUY], balance: 0x0, nonce:0, storage:{}

Transaction Sequence:

Caller: [CREATOR], function: ideal_warn_timed(uint256,uint128), txdata: 0x8da5cb5b, value: 0x0

==== Integer Arithmetic Bugs ====
SWC ID: 101
Severity: High
Contract: MAIN
Function name: _function_0x647989d0
PC address: 2280
Estimated Gas Usage: 1247 - 2096
The arithmetic operator can overflow.
It is possible to cause an integer overflow or underflow in the arithmetic operation. 
--------------------
Initial State:

Account: [ATTACKER], balance: 0x0, nonce:0, storage:{}
Account: [SOMEGUY], balance: 0x0, nonce:0, storage:{}

Transaction Sequence:

Caller: [CREATOR], function: unknown, txdata: 0x647989d0, decoded_data: , value: 0x0

==== Integer Arithmetic Bugs ====
SWC ID: 101
Severity: High
Contract: MAIN
Function name: _function_0x2b47da52
PC address: 2462
Estimated Gas Usage: 166 - 356
The arithmetic operator can overflow.
It is possible to cause an integer overflow or underflow in the arithmetic operation. 
--------------------
Initial State:

Account: [ATTACKER], balance: 0x0, nonce:0, storage:{}
Account: [SOMEGUY], balance: 0x0, nonce:0, storage:{}

Transaction Sequence:

Caller: [CREATOR], function: unknown, txdata: 0x2b47da52, decoded_data: , value: 0x0

