~/.local/share/pipx/venvs/mythril/lib/python3.12/site-packages/eth/__init__.py:1: UserWarning: pkg_resources is deprecated as an API. See https://setuptools.pypa.io/en/latest/pkg_resources.html. The pkg_resources package is slated for removal as early as 2025-11-30. Refrain from using this package or pin to Setuptools<81.
  import pkg_resources
==== Integer Arithmetic Bugs ====
SWC ID: 101
Severity: High
Contract: MAIN
Function name: allowance(address,address)
PC address: 310
Estimated Gas Usage: 1493 - 2156
The arithmetic operator can overflow.
It is possible to cause an integer overflow or underflow in the arithmetic operation. 
--------------------
Initial State:

Account: [ATTACKER], balance: 0x0, nonce:0, storage:{}
Account: [SOMEGUY], balance: 0x0, nonce:0, storage:{}

Transaction Sequence:

Caller: [ATTACKER], function: allowance(address,address), txdata: 0xdd62ed3e00000000000000000000000000000000000000000000000001000000000000000000000000000000000000000000000000000000000000000000000000000000, decoded_data: ('0x0000000000000000000000000100000000000000', '0x0000000000000000000000000000000000000000'), value: 0x0

==== Integer Arithmetic Bugs ====
SWC ID: 101
Severity: High
Contract: MAIN
Function name: transfer(address,uint256) or many_msg_babbage(bytes1)
PC address: 390
Estimated Gas Usage: 13896 - 55193
The arithmetic operator can overflow.
It is possible to cause an integer overflow or underflow in the arithmetic operation. 
--------------------
Initial State:

Account: [ATTACKER], balance: 0x0, nonce:0, storage:{}
Account: [SOMEGUY], balance: 0x0, nonce:0, storage:{}

Transaction Sequence:

Caller: [ATTACKER], function: many_msg_babbage(bytes1), txdata: 0xa9059cbb00000000000000000000000000000000000000000000000000000000000000010000000000000000000000000000000000000000000000000000000000000000, value: 0x0

==== Integer Arithmetic Bugs ====
SWC ID: 101
Severity: High
Contract: MAIN
Function name: ideal_warn_timed(uint256,uint128) or owner()
PC address: 721
Estimated Gas Usage: 1134 - 1417
The arithmetic operator can overflow.
It is possible to cause an integer overflow or underflow in the arithmetic operation. 
--------------------
Initial State:

Account: [ATTACKER], balance: 0x0, nonce:0, storage:{}
Account: [SOMEGUY], balance: 0x0, nonce:0, storage:{}

Transaction Sequence:

Caller: [CREATOR], function: ideal_warn_timed(uint256,uint128), txdata: 0x8da5cb5b, value: 0x0

==== Integer Arithmetic Bugs ====
SWC ID: 101
Severity: High
Contract: MAIN
Function name: balanceOf(address)
PC address: 853
Estimated Gas Usage: 1215 - 1688
The arithmetic operator can overflow.
It is possible to cause an integer overflow or underflow in the arithmetic operation. 
--------------------
Initial State:

Account: [ATTACKER], balance: 0x0, nonce:0, storage:{}
Account: [SOMEGUY], balance: 0x0, nonce:0, storage:{}

Transaction Sequence:

Caller: [CREATOR], function: balanceOf(address), txdata: 0x70a082310000000000000000000000000000000000000000000000000000000000000000, decoded_data: ('0x0000000000000000000000000000000000000000',), value: 0x0

==== Integer Arithmetic Bugs ====
SWC ID: 101
Severity: High
Contract: MAIN
Function name: available_assert_time(uint16,uint64) or decimals()
PC address: 907
Estimated Gas Usage: 241 - 524
The arithmetic operator can overflow.
It is possible to cause an integer overflow or underflow in the arithmetic operation. 
--------------------
Initial State:

Account: [ATTACKER], balance: 0x0, nonce:0, storage:{}
Account: [SOMEGUY], balance: 0x0, nonce:0, storage:{}

Transaction Sequence:

Caller: [CREATOR], function: available_assert_time(uint16,uint64), txdata: 0x313ce567, value: 0x0

==== Integer Arithmetic Bugs ====
SWC ID: 101
Severity: High
Contract: MAIN
Function name: gasprice_bit_ether(int128) or transferFrom(address,address,uint256)
PC address: 935
Estimated Gas Usage: 20067 - 82124
The arithmetic operator can overflow.
It is possible to cause an integer overflow or underflow in the arithmetic operation. 
--------------------
Initial State:

Account: [ATTACKER], balance: 0x0, nonce:0, storage:{}
Account: [SOMEGUY], balance: 0x0, nonce:0, storage:{}

Transaction Sequence:

Caller: [SOMEGUY], function: gasprice_bit_ether(int128), txdata: 0x23b872dd000000000000000000000000000000010000012000010001000001000000000100000000000000000000000000000001000001200001000100000100000000010000000000000000000000000000000000000000000000000000000000000000, value: 0x0

==== Integer Arithmetic Bugs ====
SWC ID: 101
Severity: High
Contract: MAIN
Function name: totalSupply()
PC address: 1157
Estimated Gas Usage: 1000 - 1283
The arithmetic operator can overflow.
It is possible to cause an integer overflow or underflow in the arithmetic operation. 
--------------------
Initial State:

Account: [ATTACKER], balance: 0x0, nonce:0, storage:{}
Account: [SOMEGUY], balance: 0x0, nonce:0, storage:{}

Transaction Sequence:

Caller: [CREATOR], function: totalSupply(), txdata: 0x18160ddd, value: 0x0

==== Integer Arithmetic Bugs ====
SWC ID: 101
Severity: High
Contract: MAIN
Function name: approve(address,uint256)
PC address: 1187
Estimated Gas Usage: 6969 - 28076
The arithmetic operator can overflow.
It is possible to cause an integer overflow or underflow in the arithmetic operation. 
--------------------
Initial State:

Account: [ATTACKER], balance: 0x0, nonce:0, storage:{}
Account: [SOMEGUY], balance: 0x0, nonce:0, storage:{}

Transaction Sequence:

Caller: [SOMEGUY], function: approve(address,uint256), txdata: 0x095ea7b300000000000000000000000000000000000000000000000000000000000000010000000000000000000000000000000000000000000000000000000000000000, decoded_data: ('0x0000000000000000000000000000000000000001', 0), value: 0x0

