~/.local/share/pipx/venvs/mythril/lib/python3.12/site-packages/eth/__init__.py:1: UserWarning: pkg_resources is deprecated as an API. See https://setuptools.pypa.io/en/latest/pkg_resources.html. The pkg_resources package is slated for removal as early as 2025-11-30. Refrain from using this package or pin to Setuptools<81.
  import pkg_resources
==== Integer Arithmetic Bugs ====
SWC ID: 101
Severity: High
Contract: MAIN
Function name: pendingOwner()
PC address: 231
Estimated Gas Usage: 1082 - 1365
The arithmetic operator can overflow.
It is possible to cause an integer overflow or underflow in the arithmetic operation. 
--------------------
Initial State:

Account: [ATTACKER], balance: 0x0, nonce:0, storage:{}
Account: [SOMEGUY], balance: 0x0, nonce:0, storage:{}

Transaction Sequence:

Caller: [CREATOR], function: pendingOwner(), txdata: 0xe30c3978, value: 0x0

==== Integer Arithmetic Bugs ====
SWC ID: 101
Severity: High
Contract: MAIN
Function name: isAllowed(address)
PC address: 272
Estimated Gas Usage: 1198 - 1671
The arithmetic operator can overflow.
It is possible to cause an integer overflow or underflow in the arithmetic operation. 
--------------------
Initial State:

Account: [ATTACKER], balance: 0x0, nonce:0, storage:{}
Account: [SOMEGUY], balance: 0x0, nonce:0, storage:{}

Transaction Sequence:

Caller: [ATTACKER], function: isAllowed(address), txdata: 0xbabcc5390000000000000000000000000000000000000000000000000000000000000000, decoded_data: ('0x0000000000000000000000000000000000000000',), value: 0x0

==== Integer Arithmetic Bugs ====
SWC ID: 101
Severity: High
Contract: MAIN
Function name: owner() or ideal_warn_timed(uint256,uint128)
PC address: 332
Estimated Gas Usage: 1037 - 1320
The arithmetic operator can overflow.
It is possible to cause an integer overflow or underflow in the arithmetic operation. 
--------------------
Initial State:

Account: [ATTACKER], balance: 0x0, nonce:0, storage:{}
Account: [SOMEGUY], balance: 0x0, nonce:0, storage:{}

Transaction Sequence:

Caller: [CREATOR], function: ideal_warn_timed(uint256,uint128), txdata: 0x8da5cb5b, value: 0x0

